[2022-02-01T15:46:09.320+0100][0.005s] Heap region size: 1M
[2022-02-01T15:46:09.337+0100][0.022s] Using G1
[2022-02-01T15:46:09.337+0100][0.022s] Heap address: 0x00000000c0000000, size: 1024 MB, Compressed Oops mode: 32-bit
[2022-02-01T15:46:09.337+0100][0.022s] Mark closed archive regions in map: [0x00000000ffe00000, 0x00000000ffe6aff8]
[2022-02-01T15:46:09.337+0100][0.022s] Mark open archive regions in map: [0x00000000ffc00000, 0x00000000ffc46ff8]
[2022-02-01T15:46:09.853+0100][0,537s] GC(0) Pause Young (Normal) (G1 Evacuation Pause)
[2022-02-01T15:46:09.853+0100][0,538s] GC(0) Using 8 workers of 8 for evacuation
[2022-02-01T15:46:09.862+0100][0,547s] GC(0)   Pre Evacuate Collection Set: 0,0ms
[2022-02-01T15:46:09.862+0100][0,547s] GC(0)   Evacuate Collection Set: 8,5ms
[2022-02-01T15:46:09.862+0100][0,547s] GC(0)   Post Evacuate Collection Set: 0,3ms
[2022-02-01T15:46:09.862+0100][0,547s] GC(0)   Other: 0,6ms
[2022-02-01T15:46:09.862+0100][0,547s] GC(0) Eden regions: 51->0(44)
[2022-02-01T15:46:09.862+0100][0,547s] GC(0) Survivor regions: 0->7(7)
[2022-02-01T15:46:09.862+0100][0,547s] GC(0) Old regions: 2->7
[2022-02-01T15:46:09.862+0100][0,547s] GC(0) Humongous regions: 4->4
[2022-02-01T15:46:09.862+0100][0,547s] GC(0) Metaspace: 11999K->11999K(1060864K)
[2022-02-01T15:46:09.862+0100][0,547s] GC(0) Pause Young (Normal) (G1 Evacuation Pause) 55M->15M(1024M) 9,465ms
[2022-02-01T15:46:09.862+0100][0,547s] GC(0) User=0,07s Sys=0,01s Real=0,01s
[2022-02-01T15:46:10.201+0100][0,886s] GC(1) Pause Young (Normal) (G1 Evacuation Pause)
[2022-02-01T15:46:10.201+0100][0,886s] GC(1) Using 8 workers of 8 for evacuation
[2022-02-01T15:46:10.207+0100][0,891s] GC(1)   Pre Evacuate Collection Set: 0,0ms
[2022-02-01T15:46:10.207+0100][0,891s] GC(1)   Evacuate Collection Set: 5,2ms
[2022-02-01T15:46:10.207+0100][0,891s] GC(1)   Post Evacuate Collection Set: 0,6ms
[2022-02-01T15:46:10.207+0100][0,891s] GC(1)   Other: 0,1ms
[2022-02-01T15:46:10.207+0100][0,891s] GC(1) Eden regions: 44->0(62)
[2022-02-01T15:46:10.207+0100][0,891s] GC(1) Survivor regions: 7->7(7)
[2022-02-01T15:46:10.207+0100][0,892s] GC(1) Old regions: 7->15
[2022-02-01T15:46:10.207+0100][0,892s] GC(1) Humongous regions: 4->4
[2022-02-01T15:46:10.207+0100][0,892s] GC(1) Metaspace: 17546K->17546K(1064960K)
[2022-02-01T15:46:10.207+0100][0,892s] GC(1) Pause Young (Normal) (G1 Evacuation Pause) 59M->23M(1024M) 5,973ms
[2022-02-01T15:46:10.207+0100][0,892s] GC(1) User=0,05s Sys=0,00s Real=0,01s
[2022-02-01T15:46:10.304+0100][0,988s] GC(2) Pause Young (Concurrent Start) (Metadata GC Threshold)
[2022-02-01T15:46:10.304+0100][0,988s] GC(2) Using 8 workers of 8 for evacuation
[2022-02-01T15:46:10.307+0100][0,992s] GC(2)   Pre Evacuate Collection Set: 0,0ms
[2022-02-01T15:46:10.307+0100][0,992s] GC(2)   Evacuate Collection Set: 3,1ms
[2022-02-01T15:46:10.307+0100][0,992s] GC(2)   Post Evacuate Collection Set: 0,3ms
[2022-02-01T15:46:10.307+0100][0,992s] GC(2)   Other: 0,2ms
[2022-02-01T15:46:10.307+0100][0,992s] GC(2) Eden regions: 24->0(70)
[2022-02-01T15:46:10.307+0100][0,992s] GC(2) Survivor regions: 7->1(9)
[2022-02-01T15:46:10.307+0100][0,992s] GC(2) Old regions: 15->22
[2022-02-01T15:46:10.307+0100][0,992s] GC(2) Humongous regions: 4->4
[2022-02-01T15:46:10.307+0100][0,992s] GC(2) Metaspace: 20405K->20405K(1069056K)
[2022-02-01T15:46:10.307+0100][0,992s] GC(2) Pause Young (Concurrent Start) (Metadata GC Threshold) 47M->24M(1024M) 3,703ms
[2022-02-01T15:46:10.307+0100][0,992s] GC(2) User=0,02s Sys=0,01s Real=0,01s
[2022-02-01T15:46:10.307+0100][0,992s] GC(3) Concurrent Cycle
[2022-02-01T15:46:10.307+0100][0,992s] GC(3) Concurrent Clear Claimed Marks
[2022-02-01T15:46:10.307+0100][0,992s] GC(3) Concurrent Clear Claimed Marks 0,025ms
[2022-02-01T15:46:10.307+0100][0,992s] GC(3) Concurrent Scan Root Regions
[2022-02-01T15:46:10.308+0100][0,993s] GC(3) Concurrent Scan Root Regions 0,488ms
[2022-02-01T15:46:10.308+0100][0,993s] GC(3) Concurrent Mark (0,993s)
[2022-02-01T15:46:10.308+0100][0,993s] GC(3) Concurrent Mark From Roots
[2022-02-01T15:46:10.308+0100][0,993s] GC(3) Using 2 workers of 2 for marking
[2022-02-01T15:46:10.320+0100][1,005s] GC(3) Concurrent Mark From Roots 11,977ms
[2022-02-01T15:46:10.320+0100][1,005s] GC(3) Concurrent Preclean
[2022-02-01T15:46:10.320+0100][1,005s] GC(3) Concurrent Preclean 0,120ms
[2022-02-01T15:46:10.320+0100][1,005s] GC(3) Concurrent Mark (0,993s, 1,005s) 12,130ms
[2022-02-01T15:46:10.320+0100][1,005s] GC(3) Pause Remark
[2022-02-01T15:46:10.321+0100][1,006s] GC(3) Cleaned string and symbol table, strings: 8944 processed, 18 removed, symbols: 63043 processed, 27 removed
[2022-02-01T15:46:10.321+0100][1,006s] GC(3) Pause Remark 27M->27M(1024M) 1,122ms
[2022-02-01T15:46:10.321+0100][1,006s] GC(3) User=0,01s Sys=0,00s Real=0,00s
[2022-02-01T15:46:10.321+0100][1,006s] GC(3) Concurrent Rebuild Remembered Sets
[2022-02-01T15:46:10.328+0100][1,012s] GC(3) Concurrent Rebuild Remembered Sets 6,312ms
[2022-02-01T15:46:10.328+0100][1,013s] GC(3) Pause Cleanup
[2022-02-01T15:46:10.328+0100][1,013s] GC(3) Pause Cleanup 28M->28M(1024M) 0,101ms
[2022-02-01T15:46:10.328+0100][1,013s] GC(3) User=0,00s Sys=0,00s Real=0,00s
[2022-02-01T15:46:10.328+0100][1,013s] GC(3) Concurrent Cleanup for Next Mark
[2022-02-01T15:46:10.328+0100][1,013s] GC(3) Concurrent Cleanup for Next Mark 0,489ms
[2022-02-01T15:46:10.328+0100][1,013s] GC(3) Concurrent Cycle 21,012ms
[2022-02-01T15:46:10.898+0100][1,583s] GC(4) Pause Young (Concurrent Start) (G1 Evacuation Pause)
[2022-02-01T15:46:10.898+0100][1,583s] GC(4) Using 8 workers of 8 for evacuation
[2022-02-01T15:46:10.905+0100][1,590s] GC(4)   Pre Evacuate Collection Set: 0,1ms
[2022-02-01T15:46:10.905+0100][1,590s] GC(4)   Evacuate Collection Set: 5,6ms
[2022-02-01T15:46:10.905+0100][1,590s] GC(4)   Post Evacuate Collection Set: 0,8ms
[2022-02-01T15:46:10.905+0100][1,590s] GC(4)   Other: 0,1ms
[2022-02-01T15:46:10.905+0100][1,590s] GC(4) Eden regions: 70->0(111)
[2022-02-01T15:46:10.905+0100][1,590s] GC(4) Survivor regions: 1->5(9)
[2022-02-01T15:46:10.905+0100][1,590s] GC(4) Old regions: 22->22
[2022-02-01T15:46:10.905+0100][1,590s] GC(4) Humongous regions: 4->4
[2022-02-01T15:46:10.905+0100][1,590s] GC(4) Metaspace: 30133K->30133K(1077248K)
[2022-02-01T15:46:10.905+0100][1,590s] GC(4) Pause Young (Concurrent Start) (G1 Evacuation Pause) 94M->28M(1024M) 6,671ms
[2022-02-01T15:46:10.905+0100][1,590s] GC(4) User=0,02s Sys=0,01s Real=0,00s
[2022-02-01T15:46:10.905+0100][1,590s] GC(5) Concurrent Cycle
[2022-02-01T15:46:10.905+0100][1,590s] GC(5) Concurrent Clear Claimed Marks
[2022-02-01T15:46:10.905+0100][1,590s] GC(5) Concurrent Clear Claimed Marks 0,035ms
[2022-02-01T15:46:10.905+0100][1,590s] GC(5) Concurrent Scan Root Regions
[2022-02-01T15:46:10.907+0100][1,591s] GC(5) Concurrent Scan Root Regions 1,569ms
[2022-02-01T15:46:10.907+0100][1,591s] GC(5) Concurrent Mark (1,591s)
[2022-02-01T15:46:10.907+0100][1,591s] GC(5) Concurrent Mark From Roots
[2022-02-01T15:46:10.907+0100][1,591s] GC(5) Using 2 workers of 2 for marking
[2022-02-01T15:46:10.921+0100][1,606s] GC(5) Concurrent Mark From Roots 14,173ms
[2022-02-01T15:46:10.921+0100][1,606s] GC(5) Concurrent Preclean
[2022-02-01T15:46:10.921+0100][1,606s] GC(5) Concurrent Preclean 0,108ms
[2022-02-01T15:46:10.921+0100][1,606s] GC(5) Concurrent Mark (1,591s, 1,606s) 14,315ms
[2022-02-01T15:46:10.921+0100][1,606s] GC(5) Pause Remark
[2022-02-01T15:46:10.923+0100][1,608s] GC(5) Cleaned string and symbol table, strings: 13031 processed, 8 removed, symbols: 90913 processed, 41 removed
[2022-02-01T15:46:10.923+0100][1,608s] GC(5) Pause Remark 30M->30M(1024M) 2,021ms
[2022-02-01T15:46:10.923+0100][1,608s] GC(5) User=0,01s Sys=0,00s Real=0,00s
[2022-02-01T15:46:10.923+0100][1,608s] GC(5) Concurrent Rebuild Remembered Sets
[2022-02-01T15:46:10.930+0100][1,614s] GC(5) Concurrent Rebuild Remembered Sets 6,545ms
[2022-02-01T15:46:10.930+0100][1,615s] GC(5) Pause Cleanup
[2022-02-01T15:46:10.930+0100][1,615s] GC(5) Pause Cleanup 31M->31M(1024M) 0,142ms
[2022-02-01T15:46:10.930+0100][1,615s] GC(5) User=0,00s Sys=0,00s Real=0,00s
[2022-02-01T15:46:10.930+0100][1,615s] GC(5) Concurrent Cleanup for Next Mark
[2022-02-01T15:46:10.931+0100][1,615s] GC(5) Concurrent Cleanup for Next Mark 0,653ms
[2022-02-01T15:46:10.931+0100][1,615s] GC(5) Concurrent Cycle 25,721ms
[2022-02-01T15:46:11.493+0100][2,178s] GC(6) Pause Young (Normal) (G1 Evacuation Pause)
[2022-02-01T15:46:11.493+0100][2,178s] GC(6) Using 8 workers of 8 for evacuation
[2022-02-01T15:46:11.499+0100][2,184s] GC(6)   Pre Evacuate Collection Set: 0,0ms
[2022-02-01T15:46:11.499+0100][2,184s] GC(6)   Evacuate Collection Set: 4,6ms
[2022-02-01T15:46:11.499+0100][2,184s] GC(6)   Post Evacuate Collection Set: 0,9ms
[2022-02-01T15:46:11.499+0100][2,184s] GC(6)   Other: 0,1ms
[2022-02-01T15:46:11.499+0100][2,184s] GC(6) Eden regions: 111->0(343)
[2022-02-01T15:46:11.499+0100][2,184s] GC(6) Survivor regions: 5->9(15)
[2022-02-01T15:46:11.499+0100][2,184s] GC(6) Old regions: 22->22
[2022-02-01T15:46:11.499+0100][2,184s] GC(6) Humongous regions: 5->4
[2022-02-01T15:46:11.499+0100][2,184s] GC(6) Metaspace: 40755K->40755K(1085440K)
[2022-02-01T15:46:11.499+0100][2,184s] GC(6) Pause Young (Normal) (G1 Evacuation Pause) 140M->32M(1024M) 5,681ms
[2022-02-01T15:46:11.499+0100][2,184s] GC(6) User=0,03s Sys=0,01s Real=0,01s
[2022-02-01T16:11:40.522+0100][1531,207s] Heap
[2022-02-01T16:11:40.522+0100][1531,207s]  garbage-first heap   total 1048576K, used 167427K [0x00000000c0000000, 0x0000000100000000)
[2022-02-01T16:11:40.522+0100][1531,207s]   region size 1024K, 141 young (144384K), 9 survivors (9216K)
[2022-02-01T16:11:40.522+0100][1531,207s]  Metaspace       used 49277K, capacity 50572K, committed 50864K, reserved 1093632K
[2022-02-01T16:11:40.522+0100][1531,207s]   class space    used 5881K, capacity 6389K, committed 6400K, reserved 1048576K
